
Gurobi 13.0.0 (win64) logging started Thu Jun 25 12:27:02 2026

Set parameter LogFile to value "benchseq_nl34_z3_sigma100_20260625_120833\logs\seqcmp_pd_w2.log"
Set parameter LogToConsole to value 1
Gurobi Optimizer version 13.0.0 build v13.0.0rc1 (win64 - Windows 11+.0 (26200.2))

CPU model: 13th Gen Intel(R) Core(TM) i5-1340P, instruction set [SSE2|AVX|AVX2]
Thread count: 12 physical cores, 16 logical processors, using up to 8 threads

Non-default parameters:
TimeLimit  220
NonConvex  2
Threads  8

Optimize a model with 44666 rows, 44474 columns and 101054 nonzeros (Max)
Model fingerprint: 0xbae9233a
Model has 1 linear objective coefficients
Model has 307 quadratic constraints
Coefficient statistics:
  Matrix range     [1e+00, 6e+01]
  QMatrix range    [1e+00, 6e+01]
  QLMatrix range   [5e-02, 6e+04]
  Objective range  [1e+00, 1e+00]
  Bounds range     [3e+02, 3e+06]
  RHS range        [5e-02, 6e+04]
Presolve removed 20020 rows and 7508 columns

Continuous model is non-convex -- solving as a MIP

Presolve removed 20020 rows and 7508 columns
Presolve time: 0.48s
Presolved: 98597 rows, 55234 columns, 269076 nonzeros
Presolved model has 18459 bilinear constraint(s)
Variable types: 55234 continuous, 0 integer (0 binary)

Deterministic concurrent LP optimizer: primal and dual simplex (primal and dual model)
Showing primal log only...

Root relaxation presolved: 79756 rows, 55233 columns, 250427 nonzeros


Root simplex log...

Iteration    Objective       Primal Inf.    Dual Inf.      Time
       0   -0.0000000e+00   2.310250e+07   3.671645e+10      7s
   29975    1.0000000e+03   0.000000e+00   0.000000e+00      9s

Use crossover to convert LP symmetric solution to basic solution...

Root crossover log...

   23939 PPushes remaining with PInf 0.0000000e+00                10s
       0 PPushes remaining with PInf 0.0000000e+00                10s

  Push phase complete: Pinf 0.0000000e+00, Dinf 0.0000000e+00     10s


Root simplex log...

Iteration    Objective       Primal Inf.    Dual Inf.      Time
   53917    1.0000000e+03   0.000000e+00   0.000000e+00     10s
Crossover time: 0.67 seconds (0.42 work units)
   53917    1.0000000e+03   0.000000e+00   0.000000e+00     10s
Concurrent spin time: 0.44s

Solved with primal simplex

Root relaxation: objective 1.000000e+03, 53917 iterations, 4.43 seconds (2.83 work units)

    Nodes    |    Current Node    |     Objective Bounds      |     Work
 Expl Unexpl |  Obj  Depth IntInf | Incumbent    BestBd   Gap | It/Node Time

     0     0 1000.00000    0 4978          - 1000.00000      -     -   10s
     0     0          -    0               - 1000.00000      -     - 3720s

Cutting planes:
  RLT: 2954

Explored 1 nodes (63244 simplex iterations) in 3720.86 seconds (37.93 work units)
Thread count was 8 (of 16 available processors)

Solution count 0

Time limit reached
Best objective -, best bound 1.000000000000e+03, gap -

User-callback calls 208, time in user-callback 0.00 sec
