
Gurobi 13.0.0 (win64) logging started Mon Jun 29 16:13:26 2026

Set parameter LogFile to value "benchmark/bench_poc_z3_sigma100_20260629_161303\logs\fullpd_max.log"
Set parameter LogToConsole to value 1
Gurobi Optimizer version 13.0.0 build v13.0.0rc1 (win64 - Windows 11+.0 (26200.2))

CPU model: 13th Gen Intel(R) Core(TM) i5-1340P, instruction set [SSE2|AVX|AVX2]
Thread count: 12 physical cores, 16 logical processors, using up to 8 threads

Non-default parameters:
TimeLimit  3600
NonConvex  2
Threads  8

Optimize a model with 214 rows, 211 columns and 693 nonzeros (Max)
Model fingerprint: 0x63b4bb82
Model has 45 linear objective coefficients
Model has 11 quadratic constraints
Coefficient statistics:
  Matrix range     [4e-02, 1e+00]
  QMatrix range    [4e-02, 1e+00]
  QLMatrix range   [1e-02, 3e+02]
  Objective range  [1e-02, 3e+02]
  Bounds range     [5e+00, 9e+02]
  RHS range        [1e-02, 4e+02]
Presolve removed 72 rows and 30 columns

Continuous model is non-convex -- solving as a MIP

Presolve removed 75 rows and 24 columns
Presolve time: 0.05s
Presolved: 543 rows, 284 columns, 1525 nonzeros
Presolved model has 99 bilinear constraint(s)
Warning: Model contains variables with very large bounds participating
         in product terms.
         Presolve was not able to compute smaller bounds for these variables.
         Consider bounding these variables or reformulating the model.

Variable types: 284 continuous, 0 integer (0 binary)

Root relaxation: objective 2.523951e+05, 196 iterations, 0.01 seconds (0.00 work units)

    Nodes    |    Current Node    |     Objective Bounds      |     Work
 Expl Unexpl |  Obj  Depth IntInf | Incumbent    BestBd   Gap | It/Node Time

     0     0 252395.074    0   28          - 252395.074      -     -    0s
     0     0 252240.250    0   26          - 252240.250      -     -    0s
     0     0 252240.250    0   22          - 252240.250      -     -    0s
     0     0 252240.250    0   22          - 252240.250      -     -    0s
H    0     0                    2519.1201578 252240.250  9913%     -    0s
     0     2 252240.250    0   22 2519.12016 252240.250  9913%     -    0s
H 1920   731                    2519.1201583 252240.250  9913%  17.0    1s
H 2285   457                    252240.25000 252240.250  0.00%  21.0    1s

Cutting planes:
  RLT: 8

Explored 2437 nodes (60203 simplex iterations) in 1.92 seconds (0.60 work units)
Thread count was 8 (of 16 available processors)

Solution count 2: 252240 2519.12 

Optimal solution found (tolerance 1.00e-04)
Best objective 2.522402500000e+05, best bound 2.522402500000e+05, gap 0.0000%

User-callback calls 199, time in user-callback 0.00 sec
