
Gurobi 13.0.0 (win64) logging started Mon Jun 29 16:14:03 2026

Set parameter LogFile to value "benchmark/bench_poc_z3_sigma100_20260629_161303\logs\milp_redispatch_w5.log"
Set parameter LogToConsole to value 1
Gurobi Optimizer version 13.0.0 build v13.0.0rc1 (win64 - Windows 11+.0 (26200.2))

CPU model: 13th Gen Intel(R) Core(TM) i5-1340P, instruction set [SSE2|AVX|AVX2]
Thread count: 12 physical cores, 16 logical processors, using up to 8 threads

Non-default parameters:
TimeLimit  3600
Threads  8

Optimize a model with 75 rows, 54 columns and 207 nonzeros (Min)
Model fingerprint: 0x97b5e4f5
Model has 45 linear objective coefficients
Coefficient statistics:
  Matrix range     [3e-01, 1e+00]
  Objective range  [1e+02, 3e+02]
  Bounds range     [0e+00, 0e+00]
  RHS range        [1e+00, 2e+02]
Presolve removed 63 rows and 19 columns
Presolve time: 0.00s
Presolved: 12 rows, 35 columns, 89 nonzeros

Iteration    Objective       Primal Inf.    Dual Inf.      Time
       0    0.0000000e+00   1.137033e+01   0.000000e+00      0s
       9    1.8965285e+04   0.000000e+00   0.000000e+00      0s

Solved in 9 iterations and 0.00 seconds (0.00 work units)
Optimal objective  1.896528503e+04

User-callback calls 29, time in user-callback 0.00 sec
