
Gurobi 13.0.0 (win64) logging started Mon Jun 22 23:46:08 2026

Set parameter LogFile to value "bench_nl34_z3_sigma100_20260622_194508\logs\milp_redispatch_w1.log"
Set parameter LogToConsole to value 1
Warning for adding constraints: zero or small (< 1e-13) coefficients, ignored
Gurobi Optimizer version 13.0.0 build v13.0.0rc1 (win64 - Windows 11+.0 (26200.2))

CPU model: 13th Gen Intel(R) Core(TM) i5-1340P, instruction set [SSE2|AVX|AVX2]
Thread count: 12 physical cores, 16 logical processors, using up to 8 threads

Non-default parameters:
TimeLimit  3600
Threads  8

Optimize a model with 73536 rows, 57984 columns and 1843392 nonzeros (Min)
Model fingerprint: 0x0e4d57fd
Model has 50304 linear objective coefficients
Coefficient statistics:
  Matrix range     [5e-05, 1e+00]
  Objective range  [3e+03, 2e+04]
  Bounds range     [0e+00, 0e+00]
  RHS range        [4e-16, 5e+03]
Presolve removed 68411 rows and 35250 columns
Presolve time: 0.29s
Presolved: 5125 rows, 22734 columns, 518979 nonzeros

Concurrent LP optimizer: primal simplex, dual simplex, and barrier
Showing barrier log only...

Ordering time: 0.00s

Barrier performed 0 iterations in 0.34 seconds (0.50 work units)
Barrier solve interrupted - model solved by another algorithm


Solved with dual simplex
Iteration    Objective       Primal Inf.    Dual Inf.      Time
     330    1.3327248e+09   0.000000e+00   0.000000e+00      0s

Solved in 330 iterations and 0.42 seconds (0.54 work units)
Optimal objective  1.332724810e+09

User-callback calls 53, time in user-callback 0.00 sec
