
Gurobi 13.0.0 (win64) logging started Mon Jun 22 22:46:04 2026

Set parameter LogFile to value "bench_nl34_z3_sigma100_20260622_194508\logs\milp_s1_w1.log"
Set parameter LogToConsole to value 1
Gurobi Optimizer version 13.0.0 build v13.0.0rc1 (win64 - Windows 11+.0 (26200.2))

CPU model: 13th Gen Intel(R) Core(TM) i5-1340P, instruction set [SSE2|AVX|AVX2]
Thread count: 12 physical cores, 16 logical processors, using up to 8 threads

Non-default parameters:
TimeLimit  3599.999
FeasibilityTol  0.001
MIPGap  0.01
DualReductions  0
Presolve  2
Threads  8

Optimize a model with 133026 rows, 88750 columns and 312337 nonzeros (Max)
Model fingerprint: 0x8d9a1191
Model has 31 linear objective coefficients
Variable types: 44474 continuous, 44276 integer (44276 binary)
Coefficient statistics:
  Matrix range     [1e+00, 3e+06]
  Objective range  [1e-01, 7e-01]
  Bounds range     [3e+02, 3e+06]
  RHS range        [3e-03, 6e+04]
Presolve removed 92267 rows and 57159 columns
Presolve time: 1.41s
Presolved: 40759 rows, 31591 columns, 112234 nonzeros
Variable types: 15563 continuous, 16028 integer (16028 binary)
Found heuristic solution: objective -4556.088987
Root relaxation presolved: 40759 rows, 31591 columns, 112234 nonzeros

Deterministic concurrent LP optimizer: primal and dual simplex
Showing primal log only...

Concurrent spin time: 0.00s

Solved with dual simplex

Use crossover to convert LP symmetric solution to basic solution...
Crossover time: 0.03 seconds (0.03 work units)

Root relaxation: objective -3.618067e+03, 10101 iterations, 0.50 seconds (0.40 work units)

    Nodes    |    Current Node    |     Objective Bounds      |     Work
 Expl Unexpl |  Obj  Depth IntInf | Incumbent    BestBd   Gap | It/Node Time

     0     0 -3618.0671    0   64 -4556.0890 -3618.0671  20.6%     -    4s
     0     0 -3618.0671    0  117 -4556.0890 -3618.0671  20.6%     -    4s
     0     0 -3618.0671    0  126 -4556.0890 -3618.0671  20.6%     -    4s
     0     0 -3618.0671    0  226 -4556.0890 -3618.0671  20.6%     -    5s
     0     0 -3618.0671    0   12 -4556.0890 -3618.0671  20.6%     -    5s
     0     0 -3618.0671    0   25 -4556.0890 -3618.0671  20.6%     -    7s
     0     0 -3618.0671    0   11 -4556.0890 -3618.0671  20.6%     -    7s
     0     0 -3618.0671    0   46 -4556.0890 -3618.0671  20.6%     -    7s
     0     0 -3618.0671    0   11 -4556.0890 -3618.0671  20.6%     -    8s
     0     0 -3618.0671    0   17 -4556.0890 -3618.0671  20.6%     -    8s
     0     0 -3618.0671    0   16 -4556.0890 -3618.0671  20.6%     -    8s
     0     0 -3618.0671    0   11 -4556.0890 -3618.0671  20.6%     -    9s
     0     0 -3618.0671    0   20 -4556.0890 -3618.0671  20.6%     -    9s
     0     0 -3618.0671    0  234 -4556.0890 -3618.0671  20.6%     -   10s
     0     0 -3618.0671    0   13 -4556.0890 -3618.0671  20.6%     -   10s
     0     0 -3618.0671    0   13 -4556.0890 -3618.0671  20.6%     -   10s
     0     0 -3618.0671    0   13 -4556.0890 -3618.0671  20.6%     -   11s
     0     2 -3618.0671    0   13 -4556.0890 -3618.0671  20.6%     -   13s
   252   554 -3618.0671   45   62 -4556.0890 -3618.0671  20.6%  85.9   15s
  1925  1934 -3618.0671  286   66 -4556.0890 -3618.0671  20.6%  15.5   21s
  2022  2240 -3618.0671  289   66 -4556.0890 -3618.0671  20.6%  16.0   25s
  3315  3690 -3625.3850  399  101 -4556.0890 -3618.0671  20.6%  27.5   31s
  4341  5009 -3643.2742  626   20 -4556.0890 -3618.0671  20.6%  25.5   35s
  6672  7009 -3977.9555  983   11 -4556.0890 -3618.0671  20.6%  23.8   40s
  7592  7555 -3687.1237  417  124 -4556.0890 -3618.0671  20.6%  24.4   45s
  7597  7559 -3917.6640  822   11 -4556.0890 -3618.0671  20.6%  24.4   50s
  7605  7564 -3714.1382  365   11 -4556.0890 -3618.0671  20.6%  24.4   55s
  7606  7565 -3714.1382  572   11 -4556.0890 -3618.0671  20.6%  24.4   65s
  7812  7781 -3618.0671   29  246 -4556.0890 -3618.0671  20.6%  41.9   70s
  8196  8327 -3618.0671   55  261 -4556.0890 -3618.0671  20.6%  47.4   78s
  8654  8684 -3618.0671   91  240 -4556.0890 -3618.0671  20.6%  55.2   84s
  9241  9078 -3618.0671  125  228 -4556.0890 -3618.0671  20.6%  63.0   88s
  9901  9080 -3661.6842  159  243 -4556.0890 -3618.0671  20.6%  70.2   95s
 10651  9504 -3618.0671  199  196 -4556.0890 -3618.0671  20.6%  80.9  106s
 10875  9665 -3618.0671  212  188 -4556.0890 -3618.0671  20.6%  83.4  112s
 11127 10202 -3618.0671  230  178 -4556.0890 -3618.0671  20.6%  85.5  116s
 11794 10144 -3618.0671  272  171 -4556.0890 -3618.0671  20.6%  92.5  124s
 11968 10594 -3618.0671  286  159 -4556.0890 -3618.0671  20.6%  93.6  128s
 12529 11099 -3618.0671  326  106 -4556.0890 -3618.0671  20.6%  97.7  132s
 13273 10980 -3618.0671  368  128 -4556.0890 -3618.0671  20.6%   104  138s
 13408 11113 -3697.5230  381  139 -4556.0890 -3618.0671  20.6%   105  144s
 13599 11345 -3618.0671  387  132 -4556.0890 -3618.0671  20.6%   107  150s
 13920 11655 -3618.1050  408  123 -4556.0890 -3618.0671  20.6%   110  156s
 14375 12179 -3618.0671  435  116 -4556.0890 -3618.0671  20.6%   113  160s
 15097 12646 -3618.0671  484   95 -4556.0890 -3618.0671  20.6%   116  166s
 15847 12411 -3618.0671  543   40 -4556.0890 -3618.0671  20.6%   119  171s
 15862 12664 -3618.0671  543   13 -4556.0890 -3618.0671  20.6%   119  175s
 16584 13260 -3640.7184  573   50 -4556.0890 -3618.0671  20.6%   124  181s
 17018 13547 -3618.0671  597   40 -4556.0890 -3618.0671  20.6%   127  185s
 17758 13596 -3618.0671  633   34 -4556.0890 -3618.0671  20.6%   132  196s
 17766 13785 -3618.0671  634   33 -4556.0890 -3618.0671  20.6%   132  201s
 17962 13963 -3618.0671  639   35 -4556.0890 -3618.0671  20.6%   134  205s
 18217 13914 -3618.0671  663   31 -4556.0890 -3618.0671  20.6%   138  211s
 18253 14173 -3618.0671  664   35 -4556.0890 -3618.0671  20.6%   138  216s
 18528 14436 -3618.0671  707   39 -4556.0890 -3618.0671  20.6%   142  220s
 19140 14740 -3618.5662  738  180 -4556.0890 -3618.0671  20.6%   154  227s
 19403 14905 -3618.5926  745  182 -4556.0890 -3618.0671  20.6%   161  231s
 19656 15057 -3618.6176  751  176 -4556.0890 -3618.0671  20.6%   167  236s
 19894 15187 -3618.6656  759  168 -4556.0890 -3618.0671  20.6%   175  241s
 20103 15379 -3618.7099  767  160 -4556.0890 -3618.0671  20.6%   182  247s
 20367 15535 -3618.7754  777  150 -4556.0890 -3618.0671  20.6%   189  253s
 20613 15633 -3618.8468  786  141 -4556.0890 -3618.0671  20.6%   197  261s
 20795 15812 -3618.9681  798  129 -4556.0890 -3618.0671  20.6%   204  267s
 21062 16063 -3619.0872  807  120 -4556.0890 -3618.0671  20.6%   210  274s
 21402 16275 -3619.3757  822  101 -4556.0890 -3618.0671  20.6%   218  283s
 21738 16634 -3619.7584  834   90 -4556.0890 -3618.0671  20.6%   222  290s
 22213 17001 -3620.5365  849   40 -4556.0890 -3618.0671  20.6%   230  297s
 22738 17109 -3623.0192  864   50 -4556.0890 -3618.0671  20.6%   241  307s
 23022 17547 -3629.6410  878   35 -4556.0890 -3618.0671  20.6%   250  315s
 23559 17532 -3632.6596  924  115 -4556.0890 -3618.0671  20.6%   262  331s
 23723 18078 -3832.2480  936   20 -4556.0890 -3618.0671  20.6%   263  341s
 24343 19129 -3633.8094  970   68 -4556.0890 -3618.0671  20.6%   267  351s
 25637 19915 -4149.9452 1098   27 -4556.0890 -3618.0671  20.6%   269  360s
 27013 20073 -4292.2573 1224  165 -4556.0890 -3618.0671  20.6%   269  372s
 27828 21338 -3620.6137  753   53 -4556.0890 -3618.0671  20.6%   272  384s
 29496 22531 -3831.7327  898   50 -4556.0890 -3618.0671  20.6%   267  398s
 31332 24299 -3975.8060 1277   34 -4556.0890 -3618.0671  20.6%   256  457s
 33624 24386 -4323.2207 1371   28 -4556.0890 -3618.0671  20.6%   245  465s
 33789 24978 -4459.2354 1376  113 -4556.0890 -3618.0671  20.6%   244  470s
 34520 25982 -4504.1819 1394  167 -4556.0890 -3618.0671  20.6%   243  476s
 35580 26960 -4504.1896 1414  159 -4556.0890 -3618.0671  20.6%   238  480s
 36637 27049 -3619.4993  684   46 -4556.0890 -3618.0671  20.6%   234  489s
 36728 27215 -3643.7795  768   33 -4556.0890 -3618.0671  20.6%   234  497s
 36898 27861 -3648.3973  931   72 -4556.0890 -3618.0671  20.6%   233  504s
 37645 28114 -3941.3012 1138   27 -4556.0890 -3618.0671  20.6%   230  513s
 38085 28942 -3946.3517 1227   27 -4556.0890 -3618.0671  20.6%   228  519s
 39067 30117 -3618.6849  728  140 -4556.0890 -3618.0671  20.6%   225  524s
 40287 31064 -3832.2322  849  168 -4556.0890 -3618.0671  20.6%   219  530s
 41309 31764 -4071.2453 1075   31 -4556.0890 -3618.0671  20.6%   215  536s
 42468 31917 -3618.0671  588   32 -4556.0890 -3618.0671  20.6%   211  544s
 42621 33323 -3618.0671  608   58 -4556.0890 -3618.0671  20.6%   210  549s
 43782 33323 -3618.4277  607  174 -4556.0890 -3618.0671  20.6%   206  550s
 44036 34223 -3625.7875  729   40 -4556.0890 -3618.0671  20.6%   205  556s
 45001 35157 -3890.0293  782  133 -4556.0890 -3618.0671  20.6%   202  561s
 45991 37199 -3954.0693 1043   52 -4556.0890 -3618.0671  20.6%   198  571s
 48184 37722 -4511.6356 1307  140 -4556.0890 -3618.0671  20.6%   192  576s
 49048 38018 -4544.5807 1339  117 -4556.0890 -3618.0671  20.6%   190  580s
 49460 38160 -4544.5807 1390  117 -4556.0890 -3618.0671  20.6%   190  585s
 49654 38359 -3618.5906  608  171 -4556.0890 -3618.0671  20.6%   190  592s
 49897 39005 -3889.3459  617  114 -4556.0890 -3618.0671  20.6%   190  598s
 50611 39858 -4124.9691  674   83 -4556.0890 -3618.0671  20.6%   188  604s
 51661 40230 -4552.9549  780   81 -4556.0890 -3618.0671  20.6%   185  610s
 52545 40791 -4552.9549  816   97 -4556.0890 -3618.0671  20.6%   185  622s
 52813 41322 -4552.9549  850   97 -4556.0890 -3618.0671  20.6%   184  632s
 53375 41874 -4552.9549  950   98 -4556.0890 -3618.0671  20.6%   183  639s
 54125 41978 -4552.9549 1031   97 -4556.0890 -3618.0671  20.6%   182  643s
 54269 42487 -4554.7108 1040   89 -4556.0890 -3618.0671  20.6%   182  652s
 54985 42688 infeasible 1102      -4556.0890 -3618.0671  20.6%   181  663s
 55253 43186 -3618.4417  609  176 -4556.0890 -3618.0671  20.6%   180  671s
 55820 43447 -4125.6011  652  200 -4556.0890 -3618.0671  20.6%   180  678s
 56404 43970 -4538.6005  708  226 -4556.0890 -3618.0671  20.6%   179  685s
 57045 43976 -4538.6005  906  196 -4556.0890 -3618.0671  20.6%   179  702s
 57055 44329 -4538.6005  907  196 -4556.0890 -3618.0671  20.6%   179  715s
 57450 44669 -4538.6005  922  196 -4556.0890 -3618.0671  20.6%   178  726s
 57952 45307 -4545.0630  958  203 -4556.0890 -3618.0671  20.6%   177  735s
 58874 46000 -4545.6241 1038  198 -4556.0890 -3618.0671  20.6%   176  744s
 59689 46953     cutoff 1079      -4556.0890 -3618.0671  20.6%   174  752s
 60667 47699 -4551.8349 1144  225 -4556.0890 -3618.0671  20.6%   173  767s
 61566 48764 -4551.8349 1195  112 -4556.0890 -3618.0671  20.6%   171  777s
 62897 49174 -4552.6494 1211  192 -4556.0890 -3618.0671  20.6%   169  784s
 63551 49774 infeasible 1277      -4556.0890 -3618.0671  20.6%   169  790s
 64244 50084 -3842.6721  598   40 -4556.0890 -3618.0671  20.6%   169  802s
 64592 51013 -4382.7355  646   26 -4556.0890 -3618.0671  20.6%   169  810s
 65715 51973 -3618.5342  618  135 -4556.0890 -3618.0671  20.6%   168  820s
 66724 53138 -3803.5229  789  152 -4556.0890 -3618.0671  20.6%   166  831s
 68022 54372 -4126.0060 1032  100 -4556.0890 -3618.0671  20.6%   164  841s
 69351 55245 -3618.9712  752  318 -4556.0890 -3618.0671  20.6%   162  849s
 70381 55569 -4150.7167  813  189 -4556.0890 -3618.0671  20.6%   161  861s
 70711 56228 -4449.1801  851   96 -4556.0890 -3618.0671  20.6%   160  872s
 71558 56817 -4500.3062 1044  107 -4556.0890 -3618.0671  20.6%   160  880s
 72367 57772 -4536.2845 1095   84 -4556.0890 -3618.0671  20.6%   159  890s
 73489 59090 -3618.8268  671   85 -4556.0890 -3618.0671  20.6%   158  900s
 74885 60385 -3803.9367  822  106 -4556.0890 -3618.0671  20.6%   155  911s
 76257 60975 -4125.9659 1055   99 -4556.0890 -3618.0671  20.6%   153  928s
 76885 62301 -4484.0496 1136   21 -4556.0890 -3618.0671  20.6%   152  947s
 78445 63071 -3827.7616  762   34 -4556.0890 -3618.0671  20.6%   150  957s
 79514 64188 -4149.9452 1029   44 -4556.0890 -3618.0671  20.6%   149  967s
 80735 64214 -4351.9737 1282   25 -4556.0890 -3618.0671  20.6%   147  981s
 80763 64262 -4351.9737 1283   25 -4556.0890 -3618.0671  20.6%   147  996s
 80820 64772 -4351.9737 1284   25 -4556.0890 -3618.0671  20.6%   147 1007s
 81646 64953 -3618.6265  617  155 -4556.0890 -3618.0671  20.6%   147 1017s
 82005 65150 -3889.3459  631  152 -4556.0890 -3618.0671  20.6%   148 1027s
 82278 65480 -3618.7903  644  129 -4556.0890 -3618.0671  20.6%   150 1036s
 82727 66207 -3618.9137  658  115 -4556.0890 -3618.0671  20.6%   151 1045s
 83577 67078 -3619.0878  672  101 -4556.0890 -3618.0671  20.6%   151 1055s
 84557 67700 -3619.4274  689   85 -4556.0890 -3618.0671  20.6%   152 1066s
 85223 68318 -3889.3459  706  206 -4556.0890 -3618.0671  20.6%   152 1079s
 85848 69310 -3620.7339  715   58 -4556.0890 -3618.0671  20.6%   152 1089s
 86934 70146 -3627.9739  734   39 -4556.0890 -3618.0671  20.6%   152 1099s
 87501 70146 -4151.3233  927   37 -4556.0890 -3618.0671  20.6%   153 1100s
 87896 70750 -3889.8817  763  162 -4556.0890 -3618.0671  20.6%   153 1109s
 88557 71195 -3890.0068  784  141 -4556.0890 -3618.0671  20.6%   154 1122s
 89074 71366 -3890.1670  802  124 -4556.0890 -3618.0671  20.6%   155 1136s
 89295 71800 -3890.3300  814  112 -4556.0890 -3618.0671  20.6%   156 1146s
 89831 72322 -3890.7149  831   95 -4556.0890 -3618.0671  20.6%   156 1157s
 90450 72697 -3891.6825  849   77 -4556.0890 -3618.0671  20.6%   157 1172s
 90840 73688 -3893.9184  861   64 -4556.0890 -3618.0671  20.6%   157 1185s
 91917 74872 -4124.9691  921   24 -4556.0890 -3618.0671  20.6%   157 1198s
 93142 75682 -4124.9691 1009   21 -4556.0890 -3618.0671  20.6%   156 1206s
 94049 76207 -4125.9928 1034   99 -4556.0890 -3618.0671  20.6%   155 1214s
 94651 76463 -4126.2946 1052   81 -4556.0890 -3618.0671  20.6%   155 1226s
 94944 76776 -4126.3875 1056   77 -4556.0890 -3618.0671  20.6%   155 1237s
 95512 77032 -4126.9894 1073   60 -4556.0890 -3618.0671  20.6%   155 1247s
 95857 77678 -4128.4872 1090   43 -4556.0890 -3618.0671  20.6%   155 1258s
 96522 77686 -4151.9237 1110   23 -4556.0890 -3618.0671  20.6%   155 1278s
 96530 77694 -4449.1801 1110  130 -4556.0890 -3618.0671  20.6%   155 1300s
 96538 78165 -4151.9237 1111   21 -4556.0890 -3618.0671  20.6%   155 1314s
 97012 79342 -4165.4116 1138   22 -4556.0890 -3618.0671  20.6%   155 1327s
 98202 80026 -4317.6828 1211   79 -4556.0890 -3618.0671  20.6%   154 1339s
 99078 80421 -4167.2209 1276   34 -4556.0890 -3618.0671  20.6%   153 1353s
 99627 80942 -3618.9460  671   73 -4556.0890 -3618.0671  20.6%   153 1366s
 100291 81204 -4499.2266  777  258 -4556.0890 -3618.0671  20.6%   153 1382s
 100851 81892 -4532.2288  911  236 -4556.0890 -3618.0671  20.6%   152 1397s
 101861 83316 -3619.4341  315   61 -4556.0890 -3618.0671  20.6%   151 1412s
 103529 84624 -3829.9187  607   49 -4556.0890 -3618.0671  20.6%   149 1426s
 104901 85219 -4010.2603  876   28 -4556.0890 -3618.0671  20.6%   148 1438s
 105639 85700 -3618.7195  204  222 -4556.0890 -3618.0671  20.6%   147 1458s
 106246 87322 -3827.7616  317  138 -4556.0890 -3618.0671  20.6%   147 1480s
 108088 87703 -4077.6431  750   83 -4556.0890 -3618.0671  20.6%   145 1492s
 108670 88359 infeasible  776      -4556.0890 -3618.0671  20.6%   145 1504s
 109520 88573 infeasible  776      -4556.0890 -3618.0671  20.6%   145 1518s
 109852 89141 infeasible  776      -4556.0890 -3618.0671  20.6%   144 1532s
 110612 89850 -4409.4181  774   45 -4556.0890 -3618.0671  20.6%   144 1545s
 111447 90431 infeasible  775      -4556.0890 -3618.0671  20.6%   143 1561s
 112188 91245 infeasible  775      -4556.0890 -3618.0671  20.6%   143 1575s
 113103 91936 infeasible  773      -4556.0890 -3618.0671  20.6%   143 1589s
 113865 92553 -4415.7371  312   73 -4556.0890 -3618.0671  20.6%   142 1603s
 114570 92729 -4553.3388  387  117 -4556.0890 -3618.0671  20.6%   142 1621s
 114858 93173 -4554.3905  444  183 -4556.0890 -3618.0671  20.6%   142 1635s
 115586 93649 -4555.4462  545  210 -4556.0890 -3618.0671  20.6%   142 1649s
 116203 94309 -4555.7618  596  232 -4556.0890 -3618.0671  20.6%   142 1662s
 116966 94703 -4555.7618  652  214 -4556.0890 -3618.0671  20.6%   142 1679s
 117425 95364 -4555.7618  665  214 -4556.0890 -3618.0671  20.6%   142 1693s
 118174 96170 -4555.7618  669  238 -4556.0890 -3618.0671  20.6%   142 1707s
 119112 96907 -3827.7616  274  278 -4556.0890 -3618.0671  20.6%   141 1722s
 119921 96950 -3992.7464  443  233 -4556.0890 -3618.0671  20.6%   141 1748s
 119969 97006 -4299.8317  444  229 -4556.0890 -3618.0671  20.6%   141 1774s
 120027 97355 -4299.8317  452  228 -4556.0890 -3618.0671  20.6%   141 1794s
 120427 98259 -4356.6974  493  173 -4556.0890 -3618.0671  20.6%   141 1813s
 121523 98571 -4204.9159  371   76 -4556.0890 -3618.0671  20.6%   141 1830s
 121918 99666 -4204.9159  372   76 -4556.0890 -3618.0671  20.6%   140 1848s
 123166 100336     cutoff  561      -4556.0890 -3618.0671  20.6%   140 1862s
 124021 101107     cutoff  561      -4556.0890 -3618.0671  20.6%   140 1874s
 124911 101822 -3827.7616  323  202 -4556.0890 -3618.0671  20.6%   140 1887s
 125681 102387 -4064.1765  476  169 -4556.0890 -3618.0671  20.6%   139 1902s
 126281 103390 -4064.1765  525  180 -4556.0890 -3618.0671  20.6%   139 1918s
 127464 104201 -4544.0691  605  176 -4556.0890 -3618.0671  20.6%   138 1931s
 128613 104942 -3645.0816  306   11 -4556.0890 -3618.0671  20.6%   138 1943s
 129479 105265 -4524.2024  377  131 -4556.0890 -3618.0671  20.6%   138 1960s
 129855 106137 -4524.2024  400   84 -4556.0890 -3618.0671  20.6%   137 1977s
 131007 106832 -4528.8867  415   99 -4556.0890 -3618.0671  20.6%   137 1990s
 131936 107464 -3618.8026  357   77 -4556.0890 -3618.0671  20.6%   136 2001s
 132623 107903 -4494.8903  513   71 -4556.0890 -3618.0671  20.6%   136 2017s
 133189 108317 -3618.0671  325   24 -4556.0890 -3618.0671  20.6%   136 2029s
 133839 108865 -3618.8788  364   95 -4556.0890 -3618.0671  20.6%   136 2043s
 134545 109201 -3619.4338  391   68 -4556.0890 -3618.0671  20.6%   136 2061s
 134919 110705 -3619.8576  400   60 -4556.0890 -3618.0671  20.6%   136 2086s
 136491 111277 -3631.1922  445   25 -4556.0890 -3618.0671  20.6%   135 2097s
 137126 111630 -3636.7404  494   44 -4556.0890 -3618.0671  20.6%   135 2109s
 137227 111630 -4553.3900  616  113 -4556.0890 -3618.0671  20.6%   135 2110s
 137579 112275 -3901.1115  534   26 -4556.0890 -3618.0671  20.6%   135 2123s
 138363 112361 -3685.6357  574   35 -4556.0890 -3618.0671  20.6%   134 2143s
 138478 113202 -3901.1115  579   94 -4556.0890 -3618.0671  20.6%   134 2159s
 139455 113728 -3901.1115  645   14 -4556.0890 -3618.0671  20.6%   134 2171s
 140102 114150 -3902.8383  699   84 -4556.0890 -3618.0671  20.6%   134 2183s
 140696 114665 -3909.3110  744   39 -4556.0890 -3618.0671  20.6%   134 2194s
 141334 115167 -4521.3733  775    9 -4556.0890 -3618.0671  20.6%   134 2210s
 142083 115326 -4521.3733  783   25 -4556.0890 -3618.0671  20.6%   133 2232s
 142249 116028 -4521.3733  783   25 -4556.0890 -3618.0671  20.6%   133 2246s
 143168 116537 infeasible  796      -4556.0890 -3618.0671  20.6%   133 2261s
 143866 117238 infeasible  796      -4556.0890 -3618.0671  20.6%   133 2280s
 144706 117685 infeasible  796      -4556.0890 -3618.0671  20.6%   132 2295s
 145422 118253 infeasible  796      -4556.0890 -3618.0671  20.6%   132 2311s
 146159 119012 infeasible  796      -4556.0890 -3618.0671  20.6%   132 2329s
 147031 119984 -4530.9124  793  102 -4556.0890 -3618.0671  20.6%   132 2348s
 148182 120308 infeasible  798      -4556.0890 -3618.0671  20.6%   131 2372s
 148574 121080 infeasible  798      -4556.0890 -3618.0671  20.6%   131 2397s
 149424 121739 infeasible  798      -4556.0890 -3618.0671  20.6%   131 2417s
 150251 122621 -4530.9124  799  102 -4556.0890 -3618.0671  20.6%   131 2440s
 151320 122625     cutoff  800      -4556.0890 -3618.0671  20.6%   130 2477s
 151332 122633 -4530.9124  798  100 -4556.0890 -3618.0671  20.6%   130 2510s
 151340 122808 infeasible  799      -4556.0890 -3618.0671  20.6%   130 2542s
 151542 123065 infeasible  801      -4556.0890 -3618.0671  20.6%   130 2572s
 151938 124277 -4530.9124  799  102 -4556.0890 -3618.0671  20.6%   130 2609s
 153258 125354 -3624.5572  511   35 -4556.0890 -3618.0671  20.6%   129 2636s
 154521 126237 -3618.0671  317   65 -4556.0890 -3618.0671  20.6%   129 2660s
 155515 126584 -3623.5056  491   57 -4556.0890 -3618.0671  20.6%   128 2685s
 155957 127509 -3665.8154  533   21 -4556.0890 -3618.0671  20.6%   128 2710s
 157090 128400 -4023.0782  811    8 -4556.0890 -3618.0671  20.6%   127 2730s
 158102 129141 -4391.7128  892   19 -4556.0890 -3618.0671  20.6%   127 2746s
 159033 129926 -3880.7048  460   11 -4556.0890 -3618.0671  20.6%   127 2765s
 159860 130138 -4511.0759  565  145 -4556.0890 -3618.0671  20.6%   127 2787s
 160154 130778 -4516.5969  604  136 -4556.0890 -3618.0671  20.6%   127 2809s
 161014 131948 -4519.0187  767   98 -4556.0890 -3618.0671  20.6%   127 2832s
 162499 132818 -3618.0671  383   11 -4556.0890 -3618.0671  20.6%   126 2852s
 163495 133620 -3622.0581  482   22 -4556.0890 -3618.0671  20.6%   126 2874s
 164428 134220 -3905.6810  567    9 -4556.0890 -3618.0671  20.6%   126 2905s
 165114 135271 -3906.9677  660  140 -4556.0890 -3618.0671  20.6%   125 2940s
 166297 136170 -4324.8814  748   54 -4556.0890 -3618.0671  20.6%   125 2965s
 167379 137069 -4324.8814  749   52 -4556.0890 -3618.0671  20.6%   124 2986s
 168455 137223 -4324.8814  751   50 -4556.0890 -3618.0671  20.6%   124 3006s
 168730 137423 infeasible  753      -4556.0890 -3618.0671  20.6%   124 3029s
 169042 138159 -4446.6031  752   66 -4556.0890 -3618.0671  20.6%   124 3052s
 169927 139104 -3802.7854  561   14 -4556.0890 -3618.0671  20.6%   124 3070s
 170977 140044 -4449.1801  781   14 -4556.0890 -3618.0671  20.6%   124 3097s
 172042 140932 -4449.1801  781   25 -4556.0890 -3618.0671  20.6%   123 3119s
 172987 141303 -3618.6303  457  146 -4556.0890 -3618.0671  20.6%   123 3146s
 173458 142199 -3662.8507  549   52 -4556.0890 -3618.0671  20.6%   123 3173s
 174538 143049 -3887.1584  677   29 -4556.0890 -3618.0671  20.6%   122 3195s
 175509 143783 -4115.4199  792   26 -4556.0890 -3618.0671  20.6%   122 3218s
 176391 144066 -4327.5781  928   37 -4556.0890 -3618.0671  20.6%   122 3244s
 176726 144806 -4328.2286  939   22 -4556.0890 -3618.0671  20.6%   122 3265s
 177569 145462 -3829.3792  487   82 -4556.0890 -3618.0671  20.6%   122 3282s
 178269 145793 -4291.4763  585   78 -4556.0890 -3618.0671  20.6%   123 3302s
 178927 146695 -3619.0439  441   89 -4556.0890 -3618.0671  20.6%   123 3326s
 179980 147103 -4553.5189  640   33 -4556.0890 -3618.0671  20.6%   122 3354s
 180475 148408 -3737.5645  434   33 -4556.0890 -3618.0671  20.6%   122 3382s
 181826 148977 -4037.7347  746   58 -4556.0890 -3618.0671  20.6%   122 3399s
 182494 149328 -3618.7974  404  113 -4556.0890 -3618.0671  20.6%   122 3423s
 182887 149934 -4524.2024  490  262 -4556.0890 -3618.0671  20.6%   122 3442s
 183641 149942 -3830.5121  452  203 -4556.0890 -3618.0671  20.6%   122 3497s
 183649 149947 -3830.5121  453  203 -4556.0890 -3618.0671  20.6%   122 3541s
 183659 150024 -3830.5121  454  203 -4556.0890 -3618.0671  20.6%   122 3584s
 183750 150030 -3830.5121  455  203 -4556.0890 -3618.0671  20.6%   122 3600s

Cutting planes:
  Learned: 43
  Gomory: 63
  Cover: 4
  Implied bound: 42
  MIR: 77
  Flow cover: 485
  RLT: 93
  Relax-and-lift: 73
  BQP: 1

Explored 183759 nodes (22460573 simplex iterations) in 3601.20 seconds (1228.58 work units)
Thread count was 8 (of 16 available processors)

Solution count 1: -4556.09 

Time limit reached
Best objective -4.556088986944e+03, best bound -3.618067098472e+03, gap 20.5883%

User-callback calls 249512, time in user-callback 1.60 sec
