
Gurobi 13.0.0 (win64) logging started Thu Jun 25 08:40:14 2026

Set parameter LogFile to value "benchseq_poc_z3_sigma100_20260625_083956\logs\seqcmp_pd_w1.log"
Set parameter LogToConsole to value 1
Gurobi Optimizer version 13.0.0 build v13.0.0rc1 (win64 - Windows 11+.0 (26200.2))

CPU model: 13th Gen Intel(R) Core(TM) i5-1340P, instruction set [SSE2|AVX|AVX2]
Thread count: 12 physical cores, 16 logical processors, using up to 8 threads

Non-default parameters:
TimeLimit  220
NonConvex  2
Threads  8

Optimize a model with 85 rows, 82 columns and 189 nonzeros (Max)
Model fingerprint: 0xd5490397
Model has 2 linear objective coefficients
Model has 10 quadratic constraints
Coefficient statistics:
  Matrix range     [1e+00, 1e+00]
  QMatrix range    [1e+00, 1e+00]
  QLMatrix range   [1e-02, 3e+02]
  Objective range  [3e-01, 4e-01]
  Bounds range     [5e+00, 9e+02]
  RHS range        [1e-02, 4e+02]
Presolve removed 42 rows and 18 columns

Continuous model is non-convex -- solving as a MIP

Presolve removed 42 rows and 18 columns
Presolve time: 0.03s
Presolved: 134 rows, 83 columns, 349 nonzeros
Presolved model has 21 bilinear constraint(s)
Variable types: 83 continuous, 0 integer (0 binary)
Found heuristic solution: objective 34.6357037

Root relaxation: objective 5.458880e+01, 69 iterations, 0.01 seconds (0.00 work units)

    Nodes    |    Current Node    |     Objective Bounds      |     Work
 Expl Unexpl |  Obj  Depth IntInf | Incumbent    BestBd   Gap | It/Node Time

     0     0   54.58880    0   15   34.63570   54.58880  57.6%     -    0s
     0     0     cutoff    0        34.63570   34.63570  0.00%     -    0s

Cutting planes:
  RLT: 21

Explored 1 nodes (147 simplex iterations) in 0.22 seconds (0.00 work units)
Thread count was 8 (of 16 available processors)

Solution count 1: 34.6357 

Optimal solution found (tolerance 1.00e-04)
Best objective 3.463570374234e+01, best bound 3.463570374234e+01, gap 0.0000%

User-callback calls 62, time in user-callback 0.00 sec
